e: file:///C:/Users/davic/Desktop/Rey%20Fernando/SafeBite/app/src/main/java/com/example/safebite/ui/profile/ProfileScreen.kt:54:13 This material API is experimental and is likely to change or to be removed in the future.
e: file:///C:/Users/davic/Desktop/Rey%20Fernando/SafeBite/app/src/main/java/com/example/safebite/ui/profile/ProfileScreen.kt:56:26 This material API is experimental and is likely to change or to be removed in the future.
e: file:///C:/Users/davic/Desktop/Rey%20Fernando/SafeBite/app/src/main/java/com/example/safebite/ui/profile/ProfileScreen.kt:56:44 This material API is experimental and is likely to change or to be removed in the future.

FAILURE: Build failed with an exception.

* What went wrong:
Execution failed for task ':app:compileDebugKotlin'.
> A failure occurred while executing org.jetbrains.kotlin.compilerRunner.GradleCompilerRunnerWithWorkers$GradleKotlinCompilerWorkAction
   > Compilation error. See log for more details

* Try:
> Run with --stacktrace option to get the stack trace.
> Run with --info or --debug option to get more log output.
> Run with --scan to generate a Build Scan (powered by Develocity).
> Get more help at https://help.gradle.org.

BUILD FAILED in 17s
